attempting to run hello world program...
hello!
VM has exited, status = 0!
EXIT RESULT: 0
